  template 5/24: cumulative 102895 derivations (0.6s)
  template 15/24: cumulative 9618454 derivations (56.2s)
templated enumeration: 11360043 derivations in 74.3s (324 roots)
generated 640 2-root compound derivations
build (enumerate, no phonology): 89.73s, 11360683 derivations, 2493754 distinct surface forms
words considered (status ok|no-parse): 290
exact analysis-SET parity: 122/290
words with an oracle analysis but no FST output at all (likely outside reduced root set): 124
genuine mismatches (FST produced something, but the wrong set): 44
  'akhabweka': oracle(ok)=[('3P+2', '3S+1', 'IMP', 'IND', 'NEU', 'PAS', 'roubar'), ('3P+2', '3S+1', 'IMP', 'IND', 'confessar'), ('3P+2', '3S+1', 'IMP', 'IND', 'falar'), ('3P+2', 'IMP', 'IND', 'NEU', 'PAS', 'roubar'), ('3P+2', 'IMP', 'IND', 'confessar'), ('3P+2', 'IMP', 'IND', 'falar'), ('3S+1', '3S+1', 'IMP', 'IND', 'NEU', 'PAS', 'roubar'), ('3S+1', '3S+1', 'IMP', 'IND', 'confessar'), ('3S+1', '3S+1', 'IMP', 'IND', 'falar'), ('3S+1', '6', 'IMP', 'IND', 'NEU', 'PAS', 'roubar'), ('3S+1', '6', 'IMP', 'IND', 'confessar'), ('3S+1', '6', 'IMP', 'IND', 'falar'), ('3S+1', 'IMP', 'IND', 'NEU', 'PAS', 'roubar'), ('3S+1', 'IMP', 'IND', 'confessar'), ('3S+1', 'IMP', 'IND', 'falar'), ('6', 'IMP', 'IND', 'NEU', 'PAS', 'roubar'), ('6', 'IMP', 'IND', 'confessar'), ('6', 'IMP', 'IND', 'falar')] fst=[('3P+2', '3S+1', 'IMP', 'IND', 'confessar'), ('3P+2', '3S+1', 'IMP', 'IND', 'falar'), ('3P+2', 'IMP', 'IND', 'confessar'), ('3P+2', 'IMP', 'IND', 'falar'), ('3S+1', '3S+1', 'IMP', 'IND', 'confessar'), ('3S+1', '3S+1', 'IMP', 'IND', 'falar'), ('3S+1', '6', 'IMP', 'IND', 'confessar'), ('3S+1', '6', 'IMP', 'IND', 'falar'), ('3S+1', 'IMP', 'IND', 'confessar'), ('3S+1', 'IMP', 'IND', 'falar'), ('6', 'IMP', 'IND', 'confessar'), ('6', 'IMP', 'IND', 'falar')]
  'mphale': oracle(ok)=[('1', 'rapaz'), ('10', 'juventude'), ('10', 'rapaz'), ('18', 'juventude'), ('18', 'rapaz'), ('9', 'juventude'), ('9', 'rapaz')] fst=[('1', 'juventude'), ('1', 'rapaz'), ('10', 'juventude'), ('10', 'rapaz'), ('18', 'juventude'), ('18', 'rapaz'), ('3', 'juventude'), ('3', 'rapaz'), ('9', 'juventude'), ('9', 'rapaz')]
  'py': oracle(no-parse)=[] fst=[('queimar',)]
  'mbamudzudzumika': oracle(ok)=[('14', '2P', 'COHES', 'IND', 'preoccupado'), ('14', '3', 'COHES', 'IND', 'preoccupado'), ('18', '3P+2', 'COHES', 'IND', 'preoccupado'), ('18', '3S+1', 'COHES', 'IND', 'preoccupado'), ('18', '6', 'COHES', 'IND', 'preoccupado'), ('18', 'COHES', 'IND', 'preoccupado'), ('2P', '3', 'COHES', 'IND', 'preoccupado'), ('2P', '3P+2', 'COHES', 'IND', 'preoccupado'), ('2P', '3S+1', 'COHES', 'IND', 'preoccupado'), ('2P', '6', 'COHES', 'IND', 'preoccupado'), ('2P', 'COHES', 'IND', 'preoccupado'), ('3', '3', 'COHES', 'IND', 'preoccupado')] fst=[('14', '2P', 'COHES', 'IND', 'preoccupado'), ('14', '3', 'COHES', 'IND', 'preoccupado'), ('18', '3', 'COHES', 'IND', 'preoccupado'), ('18', '3S+1', 'COHES', 'IND', 'preoccupado'), ('18', 'COHES', 'IND', 'preoccupado'), ('2P', '3', 'COHES', 'IND', 'preoccupado'), ('2P', '3S+1', 'COHES', 'IND', 'preoccupado'), ('2P', 'COHES', 'IND', 'preoccupado'), ('3', '3', 'COHES', 'IND', 'preoccupado'), ('3', '3S+1', 'COHES', 'IND', 'preoccupado'), ('3', 'COHES', 'IND', 'preoccupado')]
  'mathupi': oracle(ok)=[('10', '6', 'corpo forma'), ('5', '6', 'corpo forma'), ('6', '9', 'corpo forma'), ('6', 'corpo forma')] fst=[('1', '6', 'corpo forma'), ('10', '6', 'corpo forma'), ('3', '6', 'corpo forma'), ('5', '6', 'corpo forma'), ('6', '9', 'corpo forma'), ('6', 'corpo forma')]
  'khu': oracle(no-parse)=[] fst=[('clamar',)]
  'acita': oracle(ok)=[('3S+1', 'IND', 'ele+PST', 'fazer'), ('IND', 'ele+PST', 'fazer')] fst=[('3', '3S+1', 'IND', 'PASSADO', 'fazer'), ('3', 'IND', 'PASSADO', 'fazer'), ('3S+1', 'IND', 'ele+PST', 'fazer'), ('IND', 'ele+PST', 'fazer')]
  'aikhe': oracle(ok)=[('3P+2', 'SBJV', 'pôr'), ('3S+1', 'SBJV', 'pôr'), ('6', 'SBJV', 'pôr')] fst=[('3', '3P+2', 'SBJV', 'pôr'), ('3', '6', 'SBJV', 'pôr'), ('3P+2', '3S+1', 'SBJV', 'pôr'), ('3P+2', 'SBJV', 'pôr'), ('3S+1', '3S+1', 'SBJV', 'pôr'), ('3S+1', '6', 'SBJV', 'pôr'), ('3S+1', 'SBJV', 'pôr'), ('6', 'SBJV', 'pôr')]
  'matsuphu': oracle(ok)=[('10', '6', 'crista de galo'), ('5', '6', 'crista de galo'), ('6', '9', 'crista de galo'), ('6', 'crista de galo')] fst=[('1', '6', 'crista de galo'), ('10', '6', 'crista de galo'), ('3', '6', 'crista de galo'), ('5', '6', 'crista de galo'), ('6', '9', 'crista de galo'), ('6', 'crista de galo')]
  'kazi': oracle(ok)=[('1', 'mulher'), ('10', 'costumes'), ('10', 'mulher'), ('9', 'costumes'), ('9', 'mulher')] fst=[('1', 'costumes'), ('1', 'mulher'), ('10', 'costumes'), ('10', 'mulher'), ('3', 'costumes'), ('3', 'mulher'), ('5', 'costumes'), ('5', 'mulher'), ('9', 'costumes'), ('9', 'mulher'), ('costumes',), ('feminina',), ('mulher',)]
  'khumi': oracle(ok)=[('10', 'lenha'), ('9', 'lenha'), ('dez',)] fst=[('dez',)]
  'pulumuk': oracle(no-parse)=[] fst=[('salvar',)]
  'musaabera': oracle(ok)=[('18', '3P+2', 'APPLIC', 'HAB', 'IND', 'roubar'), ('18', '3P+2', 'HAB', 'IND', 'robar alguem'), ('18', '6', 'APPLIC', 'HAB', 'IND', 'roubar'), ('18', '6', 'HAB', 'IND', 'robar alguem'), ('2P', '3P+2', 'APPLIC', 'HAB', 'IND', 'roubar'), ('2P', '3P+2', 'HAB', 'IND', 'robar alguem'), ('2P', '6', 'APPLIC', 'HAB', 'IND', 'roubar'), ('2P', '6', 'HAB', 'IND', 'robar alguem')] fst=[('18', '3P+2', 'HAB', 'IND', 'robar alguem'), ('18', '6', 'HAB', 'IND', 'robar alguem'), ('2P', '3P+2', 'HAB', 'IND', 'robar alguem'), ('2P', '6', 'HAB', 'IND', 'robar alguem'), ('3', '3P+2', 'HAB', 'IND', 'robar alguem'), ('3', '6', 'HAB', 'IND', 'robar alguem')]
  'maputu': oracle(ok)=[('10', '6', 'buchecha'), ('5', '6', 'buchecha'), ('6', '9', 'buchecha'), ('6', 'buchecha')] fst=[('1', '6', 'buchecha'), ('10', '6', 'buchecha'), ('3', '6', 'buchecha'), ('5', '6', 'buchecha'), ('6', '9', 'buchecha'), ('6', 'buchecha')]
  'masakhu': oracle(ok)=[('10', '6', 'saco'), ('5', '6', 'saco'), ('6', '9', 'saco'), ('6', 'saco')] fst=[('1', '6', 'saco'), ('10', '6', 'saco'), ('3', '6', 'saco'), ('5', '6', 'saco'), ('6', '9', 'saco'), ('6', 'saco')]
  'citika': oracle(ok)=[('10', '7', 'hiena'), ('5', '7', 'hiena'), ('7', '9', 'hiena')] fst=[('1', '7', 'hiena'), ('10', '7', 'hiena'), ('3', '7', 'hiena'), ('5', '7', 'hiena'), ('7', '9', 'hiena'), ('7', 'hiena')]
  'wacitatu': oracle(ok)=[('3', '3S+1', 'IND', 'INTENS', 'PASSADO', 'fazer'), ('3', 'IND', 'INTENS', 'PASSADO', 'fazer'), ('3S+1', 'IND', 'INTENS', 'ele+PST', 'fazer'), ('IND', 'INTENS', 'ele+PST', 'fazer')] fst=[('3S+1', 'IND', 'INTENS', 'ele+PST', 'fazer'), ('IND', 'INTENS', 'ele+PST', 'fazer')]
  'amulukule': oracle(no-parse)=[] fst=[('18', '3P+2', 'SBJV', 'ruminar'), ('18', '3S+1', 'SBJV', 'ruminar'), ('18', '6', 'SBJV', 'ruminar'), ('2P', '3P+2', 'SBJV', 'ruminar'), ('2P', '3S+1', 'SBJV', 'ruminar'), ('2P', '6', 'SBJV', 'ruminar'), ('3P+2', '3S+1', 'SBJV', 'ruminar'), ('3S+1', '3S+1', 'SBJV', 'ruminar'), ('3S+1', '6', 'SBJV', 'ruminar')]
  'supada': oracle(ok)=[('10', 'catana'), ('5', 'catana'), ('9', 'catana')] fst=[('1', 'catana'), ('10', 'catana'), ('3', 'catana'), ('5', 'catana'), ('9', 'catana'), ('catana',)]
  'musapwaza': oracle(ok)=[('18', '3S+1', 'HAB', 'IND', 'desprezar'), ('18', 'HAB', 'IND', 'desprezar'), ('2P', '3S+1', 'HAB', 'IND', 'desprezar'), ('2P', 'HAB', 'IND', 'desprezar')] fst=[('18', '3S+1', 'HAB', 'IND', 'desprezar'), ('18', 'HAB', 'IND', 'desprezar'), ('2P', '3S+1', 'HAB', 'IND', 'desprezar'), ('2P', 'HAB', 'IND', 'desprezar'), ('3', '3S+1', 'HAB', 'IND', 'desprezar'), ('3', 'HAB', 'IND', 'desprezar')]
  'aufuza': oracle(ok)=[('14', 'IND', 'destruir', 'ele+PST'), ('3', 'IND', 'destruir', 'ele+PST')] fst=[('14', '3', 'IND', 'PASSADO', 'destruir'), ('14', 'IND', 'destruir', 'ele+PST'), ('3', '3', 'IND', 'PASSADO', 'destruir'), ('3', 'IND', 'destruir', 'ele+PST')]
  'mbadya': oracle(ok)=[('3P+2', '3S+1', 'COHES', 'IND', 'comer'), ('3P+2', 'COHES', 'IND', 'comer'), ('3S+1', '3S+1', 'COHES', 'IND', 'comer'), ('3S+1', '6', 'COHES', 'IND', 'comer'), ('3S+1', 'COHES', 'IND', 'comer'), ('6', 'COHES', 'IND', 'comer')] fst=[('3', '3S+1', 'COHES', 'IND', 'comer'), ('3', 'COHES', 'IND', 'comer')]
  'tambir': oracle(no-parse)=[] fst=[('receber',)]
  'ubodzi': oracle(ok)=[('10', 'unidade'), ('9', 'unidade')] fst=[('1', 'unidade'), ('10', 'unidade'), ('3', 'unidade'), ('5', 'unidade'), ('9', 'unidade'), ('unidade',)]
  'mbasaka': oracle(ok)=[('3P+2', '3S+1', 'COHES', 'IND', 'procurar'), ('3P+2', 'COHES', 'IND', 'procurar'), ('3S+1', '3S+1', 'COHES', 'IND', 'procurar'), ('3S+1', '6', 'COHES', 'IND', 'procurar'), ('3S+1', 'COHES', 'IND', 'procurar'), ('6', 'COHES', 'IND', 'procurar')] fst=[('3', '3S+1', 'COHES', 'IND', 'procurar'), ('3', 'COHES', 'IND', 'procurar')]
  'akhapidziwa': oracle(ok)=[('3P+2', '8', 'IMP', 'IND', 'PAS', 'vir'), ('3P+2', '8', 'IMP', 'IND', 'saber'), ('3S+1', '8', 'IMP', 'IND', 'PAS', 'vir'), ('3S+1', '8', 'IMP', 'IND', 'saber'), ('6', '8', 'IMP', 'IND', 'PAS', 'vir'), ('6', '8', 'IMP', 'IND', 'saber')] fst=[('3P+2', '8', 'IMP', 'IND', 'saber'), ('3S+1', '8', 'IMP', 'IND', 'saber'), ('6', '8', 'IMP', 'IND', 'saber')]
  'mbabzala': oracle(ok)=[('3P+2', '3S+1', 'COHES', 'IND', 'semear'), ('3P+2', 'COHES', 'IND', 'semear'), ('3S+1', '3S+1', 'COHES', 'IND', 'semear'), ('3S+1', '6', 'COHES', 'IND', 'semear'), ('3S+1', 'COHES', 'IND', 'semear'), ('6', 'COHES', 'IND', 'semear')] fst=[('3', '3S+1', 'COHES', 'IND', 'semear'), ('3', 'COHES', 'IND', 'semear')]
  'mbirimi': oracle(ok)=[('10', 'ogulho'), ('9', 'ogulho')] fst=[('1', 'ogulho'), ('10', 'ogulho'), ('3', 'ogulho'), ('5', 'ogulho'), ('9', 'ogulho'), ('ogulho',)]
  'kudawa': oracle(ok)=[('10', '17', 'milando'), ('15', 'milando'), ('17', '9', 'milando'), ('17', 'milando'), ('3S+1', 'IND', 'INF', 'pecar'), ('IND', 'INF', 'pecar')] fst=[('1', '17', 'milando'), ('10', '17', 'milando'), ('15', 'milando'), ('17', '3', 'milando'), ('17', '5', 'milando'), ('17', '9', 'milando'), ('17', 'milando'), ('3S+1', 'IND', 'INF', 'pecar'), ('IND', 'INF', 'pecar')]
  'masiku': oracle(ok)=[('10', '6', 'noite'), ('6', '9', 'noite'), ('6', 'noite')] fst=[('1', '6', 'noite'), ('10', '6', 'noite'), ('3', '6', 'noite'), ('5', '6', 'noite'), ('6', '9', 'noite'), ('6', 'noite')]
  'kaphembera': oracle(ok)=[('3S+1', 'APPLIC', 'IND', 'PURP', 'pedir'), ('3S+1', 'IND', 'PURP', 'orar'), ('APPLIC', 'IND', 'PURP', 'pedir'), ('IND', 'PURP', 'orar')] fst=[('3S+1', 'IND', 'PURP', 'orar'), ('IND', 'PURP', 'orar')]
  'dzoya': oracle(ok)=[('10', 'cabelo'), ('9', 'cabelo')] fst=[('1', 'cabelo'), ('10', 'cabelo'), ('3', 'cabelo'), ('5', 'cabelo'), ('9', 'cabelo'), ('cabelo',)]
  'kutisiya': oracle(ok)=[('1P', 'IND', 'INF', 'deixar'), ('3S+1', 'IND', 'INF', 'deixar', 'que'), ('IND', 'INF', 'deixar', 'que')] fst=[('1P', 'IND', 'INF', 'deixar')]
  'mbamuikha': oracle(ok)=[('14', '2P', 'COHES', 'IND', 'pôr'), ('14', '3', 'COHES', 'IND', 'pôr'), ('2P', '3P+2', 'COHES', 'IND', 'pôr'), ('2P', '3S+1', 'COHES', 'IND', 'pôr'), ('2P', '6', 'COHES', 'IND', 'pôr'), ('2P', 'COHES', 'IND', 'pôr'), ('3P+2', '3S+1', 'COHES', 'IND', 'por'), ('3P+2', 'COHES', 'IND', 'por'), ('3S+1', '3S+1', 'COHES', 'IND', 'por'), ('3S+1', '6', 'COHES', 'IND', 'por'), ('3S+1', 'COHES', 'IND', 'por'), ('6', 'COHES', 'IND', 'por')] fst=[('14', '2P', 'COHES', 'IND', 'pôr'), ('14', '3', 'COHES', 'IND', 'pôr'), ('18', '3', 'COHES', 'IND', 'pôr'), ('18', '3S+1', 'COHES', 'IND', 'pôr'), ('18', 'COHES', 'IND', 'pôr'), ('2P', '3', 'COHES', 'IND', 'pôr'), ('2P', '3S+1', 'COHES', 'IND', 'pôr'), ('2P', 'COHES', 'IND', 'pôr'), ('3', '3', 'COHES', 'IND', 'pôr'), ('3', '3S+1', 'COHES', 'IND', 'por'), ('3', '3S+1', 'COHES', 'IND', 'pôr'), ('3', 'COHES', 'IND', 'por'), ('3', 'COHES', 'IND', 'pôr')]
  'mafuta': oracle(ok)=[('10', '6', 'óleo'), ('5', '6', 'óleo'), ('6', '9', 'óleo'), ('6', 'óleo')] fst=[('1', '6', 'óleo'), ('10', '6', 'óleo'), ('3', '6', 'óleo'), ('5', '6', 'óleo'), ('6', '9', 'óleo'), ('6', 'óleo')]
  'udawe': oracle(ok)=[('14', '3S+1', 'SBJV', 'pecar'), ('14', 'SBJV', 'pecar'), ('2S', '3S+1', 'SBJV', 'pecar'), ('2S', 'SBJV', 'pecar'), ('3', '3S+1', 'SBJV', 'pecar'), ('3', 'SBJV', 'pecar')] fst=[('14', '3', 'SBJV', 'pecar'), ('14', '3S+1', 'SBJV', 'pecar'), ('14', 'SBJV', 'pecar'), ('2S', '3S+1', 'SBJV', 'pecar'), ('2S', 'SBJV', 'pecar'), ('3', '3', 'SBJV', 'pecar'), ('3', '3S+1', 'SBJV', 'pecar'), ('3', 'SBJV', 'pecar')]
  'pedzi': oracle(ok)=[('10', 'em vão'), ('9', 'em vão'), ('vazio',)] fst=[('1', 'em vão'), ('10', 'em vão'), ('3', 'em vão'), ('5', 'em vão'), ('9', 'em vão'), ('em vão',), ('vazio',)]
  'ambvera': oracle(ok)=[('2P', 'APPLIC', 'IND', 'ele+PST', 'ouvir'), ('2P', 'IND', 'ele+PST', 'obedecer'), ('3S+1', 'APPLIC', 'IND', 'ele+PST', 'ouvir'), ('3S+1', 'IND', 'ele+PST', 'obedecer')] fst=[('2P', '3', 'IND', 'PASSADO', 'obedecer'), ('2P', 'IND', 'ele+PST', 'obedecer'), ('3', '3S+1', 'IND', 'PASSADO', 'obedecer'), ('3S+1', 'IND', 'ele+PST', 'obedecer')]
  'uso': oracle(ok)=[('10', '14', 'olho'), ('14', '9', 'olho'), ('14', 'olho')] fst=[('1', '14', 'olho'), ('10', '14', 'olho'), ('14', '3', 'olho'), ('14', '5', 'olho'), ('14', '9', 'olho'), ('14', 'olho')]
  'masikati': oracle(ok)=[('10', '6', 'tarde'), ('6', '9', 'tarde'), ('6', 'tarde')] fst=[('1', '6', 'tarde'), ('10', '6', 'tarde'), ('3', '6', 'tarde'), ('5', '6', 'tarde'), ('6', '9', 'tarde'), ('6', 'tarde')]
