
running 4 tests
test a_amharic_emits_and_compiles ... amharic emit: 7.9186976s; lexc lines: 80482; lexc bytes: 5229580; tier: Partial { uncovered: 1 }; uncovered: 1
counts: entries=76 rules=88 slots=24 groups=6 allomorphs_emitted=5963 allomorphs_skipped=1
composites: pairs_probed=104605 interdigitation_entries=386 fusion_entries=22775
  uncovered: [process-morph] mrule30#allo0 — Modify/InsertContext action has no literal text to emit (v1)
amharic emit+foma-compile (fresh emit inside FomaProposer::new): 18.6943651s (soft expectation < 60s; if this regresses far past that, the preexpand chain probing is the first place to profile)
ok
test b_amharic_recall_first_100_words_is_100_percent ... SKIPPED "ሁለተኛ": engine timed out (10s) with zero analyses
SKIPPED "ሄዳችሁ": engine timed out (10s) with zero analyses
SKIPPED "ሄዶ": engine timed out (10s) with zero analyses
SKIPPED "ሌባው": engine timed out (10s) with zero analyses
SKIPPED "ሌባዎቹ": engine timed out (10s) with zero analyses
SKIPPED "ሌባዎች": engine timed out (10s) with zero analyses
SKIPPED "ሌባዬ": engine timed out (10s) with zero analyses
SKIPPED "መጽሐፎቹን": engine timed out (10s) with zero analyses
SKIPPED "ሰበራችሁ": engine timed out (10s) with zero analyses
SKIPPED "ሰባተኛ": engine timed out (10s) with zero analyses
recall: 30/30 engine analyses covered across 28 analyzed words (of 100 scanned; 10 skipped on zero-analysis timeout; 0 analyzed words had partial/timed-out engine results)
engine total: 162.4704724s; propose total: 494.3µs; propose max/word: 47.4µs; propose mean/word: 17.653µs
ok
test c_amharic_end_to_end_multiset_parity ... end-to-end parity: 28 words compared (10 excluded on engine timeout); analyze_word total: 1.129821s; max/word: 163.3086ms; mean/word: 40.35075ms
ok
test d_nonsense_word_proposes_boundedly_and_never_panics ... ዝጎጠቃኝዬ: 0 candidates in 6.1µs
ok

test result: ok. 4 passed; 0 failed; 0 ignored; 0 measured; 0 filtered out; finished in 428.94s

