
running 79 tests
test analyzer::budget_tests::aweti_trips_enumeration_budget_fast_with_typed_error ... ok
test analyzer::budget_tests::aweti_trips_on_probe_measure_when_entry_cap_is_unbounded ... ok
test analyzer::budget_tests::tiny_grammar_never_trips_unbounded_budget ... ok
test compose_budget::compose_budget_tests::arc_budget_trips_on_tiny_cascade ... ok
test compose_budget::compose_budget_tests::compose_step_timed_out_display_is_specific ... ok
test compose_budget::compose_budget_tests::deadline_fast_closure_passes ... ok
test compose_budget::compose_budget_tests::deadline_slow_closure_trips_fast ... ok
test compose_budget::compose_budget_tests::minimize_checked_respects_budget ... ok
test compose_budget::compose_budget_tests::state_budget_trips_on_tiny_cascade ... ok
test compose_budget::compose_budget_tests::unbounded_budget_never_trips_on_small_fixture ... ok
test compose_budget::compose_budget_tests::union_checked_respects_budget ... ok
test composite::tests::analyze_words_matches_analyze_word_per_word ... ignored, needs local gitignored corpus data (samples/data/sena-hc.xml); run with --include-ignored
test composite::tests::mbali_confirms_within_candidate_bound ... ignored, needs local gitignored corpus data (samples/data/sena-hc.xml); run with --include-ignored
test composite::tests::unknown_word_returns_empty_outcome ... ignored, needs local gitignored corpus data (samples/data/sena-hc.xml); run with --include-ignored
test confirm::tests::confirm_bare_root_word_verifies ... ignored, needs local gitignored corpus data (samples/data/indonesian-hc.xml); run with --include-ignored
test confirm::tests::confirm_rejects_out_of_range_root_index ... ignored, needs local gitignored corpus data (samples/data/indonesian-hc.xml); run with --include-ignored
test confirm::tests::confirm_rejects_unowned_non_root_morpheme ... ignored, needs local gitignored corpus data (samples/data/indonesian-hc.xml); run with --include-ignored
test emit::structural_and_pattern_tests::agglutinative_turkic_full_cascade_words_are_proposable ... ok
test emit::structural_and_pattern_tests::bare_root_phonology_makes_post_nasal_voicing_proposable ... ok
test emit::structural_and_pattern_tests::bare_root_phonology_prefers_the_pos_correct_generate_words_surface ... ok
test emit::structural_and_pattern_tests::boundary_combining_run_symbols_empty_with_no_mark_initial_char_def ... ok
test emit::structural_and_pattern_tests::boundary_combining_run_symbols_finds_cross_char_def_runs ... ok
test emit::structural_and_pattern_tests::boundary_insertion_enumerates_interior_gaps ... ok
test emit::structural_and_pattern_tests::char_is_combining_matches_nfd_combining_marks_only ... ok
test emit::structural_and_pattern_tests::combining_run_symbols_finds_every_decomposed_diacritic ... ok
test emit::structural_and_pattern_tests::combining_run_symbols_measured_per_reference_grammar ... ok
test emit::structural_and_pattern_tests::compound_head_prefix_confirms ... ok
test emit::structural_and_pattern_tests::emitted_lexc_declares_the_boundary_runs ... ok
test emit::structural_and_pattern_tests::emitted_lexc_declares_the_combining_runs ... ok
test emit::structural_and_pattern_tests::metathesis_boundary_in_surface_confirms ... ok
test emit::structural_and_pattern_tests::pattern_variants_enumerates_mandatory_class_members ... ok
test emit::structural_and_pattern_tests::pattern_variants_optional_class_admits_the_absent_branch ... ok
test emit::structural_and_pattern_tests::prefix_reduplication_confirms ... ok
test emit::structural_and_pattern_tests::probe_would_refuse_detects_epenthesis ... ok
test emit::structural_and_pattern_tests::probe_would_refuse_is_false_for_ordinary_rewrite_rules ... ok
test emit::structural_and_pattern_tests::sena_musandilesera_full_parity ... ignored, needs local gitignored corpus data (samples/data/sena-hc.xml); run with --include-ignored
test emit::structural_and_pattern_tests::truncation_composites_are_proposable ... ok
test emit::structural_and_pattern_tests::truncation_rules_classify_as_structural ... ok
test gate::group_budget_tests::group_budget_trips_before_any_group_work_runs ... ok
test gate::group_budget_tests::zero_gated_subrules_collapses_to_one_group_still_passes_strict_cap ... ok
test morphotactics::tests::completion_grants_loose ... ok
test morphotactics::tests::free_floor_is_monotone_non_decreasing ... ok
test morphotactics::tests::loose_rules_in_stratum_reports_membership ... ok
test morphotactics::tests::mandatory_but_vacuous_slot_is_jumped ... ok
test morphotactics::tests::mandatory_non_vacuous_slot_blocks_jump ... ok
test morphotactics::tests::optional_slot_is_jumped ... ok
test morphotactics::tests::partial_root_never_enters_template ... ok
test morphotactics::tests::rule_with_no_sites_returns_none ... ok
test morphotactics::tests::slot_order_is_enforced ... ok
test morphotactics::tests::state_normalization_is_deterministic ... ok
test morphotactics::tests::template_required_syn_fs_gate_is_honored ... ok
test peel::tests::reduplication_recovers_known_corpus_word ... ignored, needs local gitignored corpus data (samples/data/indonesian-hc.xml); run with --include-ignored
test peel::tests::sena_has_no_redup_rules ... ignored, needs local gitignored corpus data (samples/data/sena-hc.xml); run with --include-ignored
test precision::tests::could_satisfy_covers_whole_literal_and_boundary_spanning_suffix ... ok
test precision::tests::flag_id_has_no_zero_digit_and_never_contains_a_dot ... ok
test precision::tests::indonesian_catalog_is_empty ... ignored, needs local gitignored corpus data (samples/data/indonesian-hc.xml); run with --include-ignored
test precision::tests::multi_environment_allomorph_is_or_ambiguous_even_if_individually_simple ... ok
test precision::tests::precision_emit_flag_symbols_are_dot_free_in_the_name_field ... ok
test precision::tests::precision_emit_tagged_lower_gates_owner_and_sets_on_every_entry ... ok
test precision::tests::precision_emit_tagged_lower_is_passthrough_under_strip ... ok
test precision::tests::prule_tail_rewrite_risk_is_false_with_no_phonological_rules ... ignored, needs local gitignored corpus data (samples/data/sena-hc.xml); run with --include-ignored
test precision::tests::sena_catalog_finds_the_expected_left_literal_instances ... ignored, needs local gitignored corpus data (samples/data/sena-hc.xml); run with --include-ignored
test preexpand::pruning_tests::amharic_pruned_composites_are_a_subset_of_flat ... ignored, needs local gitignored corpus data (samples/data/amharic-hc.xml); run with --include-ignored
test preexpand::pruning_tests::build_composites_thin_wrapper_defaults_to_pruned ... ok
test preexpand::pruning_tests::mandatory_non_vacuous_slot0_blocks_slot1_probe_at_depth0 ... ok
test preexpand::pruning_tests::vacuous_slot0_lets_slot1_be_probed_at_depth0_under_pruning ... ok
test replace::compose_budget_tests::alpha_tuple_budget_trips_on_synthetic_rule ... ok
test replace::compose_budget_tests::state_budget_trips_on_tiny_cascade ... ok
test replace::compose_budget_tests::unbounded_budget_never_trips_on_small_fixture ... ok
test tags::tests::decode_path_no_tags_is_empty_not_none ... ok
test tags::tests::decode_path_rejects_malformed_tag ... ok
test tags::tests::lexc_tag_escapes_leading_zeros_distinctly ... ok
test tags::tests::tag_text_round_trips_through_decode_path ... ok
test tags::tests::to_candidates_compound_splits_per_root ... ok
test tags::tests::to_candidates_no_root_yields_minus_one ... ok
test tags::tests::to_candidates_single_root ... ok
test tags::tests::width_scales_with_morpheme_count ... ok
test uflexc::emit_budget_tests::line_budget_trips_incrementally ... ok
test uflexc::emit_budget_tests::unbounded_budget_never_trips_on_twenty_entries ... ok

test result: ok. 66 passed; 0 failed; 13 ignored; 0 measured; 0 filtered out; finished in 40.59s

