# Task 7 final release evidence — Amharic

Final matrix source SHA: `b819eb706c0fa42b9404636cb2ae4e142aafc984`.
Toolchain: `rustc 1.96.1 (31fca3adb 2026-06-26)`; `cargo 1.96.1 (356927216 2026-06-26)`.

Exact command, run from `rust/`:
```powershell
cargo test -p pg-foma --release --test f3_interdigitation_gate -- --include-ignored --nocapture --test-threads=1
```
Exit code: `0`. Cargo-reported build time: `0.15s`; Cargo-reported test elapsed: `270.12s`.
No independent process-wall stopwatch was captured.

## Transcript stdout

This is a **transcript capture from the coordinator's independent final run**,
not a `stdout` file redirect. It is preserved as reported; the full redirected
stream was not retained.
```text
running 4 tests
a_emits_and_compiles: amharic emit: 4.1357297s; emit+foma-compile: 4.1543726s; lexc lines: 80482; lexc bytes: 5089278; tier: Partial { uncovered: 1 }
b_recall: recall: 31/31 engine analyses covered across 29 analyzed words (of 100 corpus words); 6 zero-analysis words reached the 10s engine timeout
engine total: 122.4872975s; propose total: 337.8µs; propose max/word: 24.9µs; propose mean/word: 11.648µs
c_parity: 29 words after excluding the 6 engine-timeout words; analyze total: 687.9788ms; analyze max: 148.0608ms; analyze mean: 23.723406ms
d_nonsense_word_proposes_nothing: 0 candidates

test result: ok. 4 passed; 0 failed; 0 ignored; 0 measured; 0 filtered out; finished in 270.12s
```

## Transcript stderr

No separate stderr stream was retained for this transcript capture.
