# Task 7 fresh release evidence — Aweti

Final matrix source SHA: `b819eb706c0fa42b9404636cb2ae4e142aafc984`.
Toolchain: `rustc 1.96.1 (31fca3adb 2026-06-26)`; `cargo 1.96.1 (356927216 2026-06-26)`.

Exact command, run from `rust/`:
```powershell
cargo test -p pg-foma --release --test p6_templated_morphotactics_gate -- --include-ignored --nocapture --test-threads=1
```
Exit code: `0`. Cargo-reported build time: `30.64s`; Cargo-reported test elapsed: `15.88s`.
No independent process-wall stopwatch was captured; the Cargo timings below are authoritative.

## Raw stdout (`C:\tmp\pangloss-aweti-release.stdout.log`)
```text
running 4 tests
test a_templated_emit_compile_and_compose ... aweti templated emit: 251.4396ms; tier=Partial { uncovered: 16 }; uncovered=16
  uncovered: [reduplication] mrule100 -- standalone rule's primary allomorph classifies as Reduplication; not representable (v1)
  uncovered: [reduplication] mrule101 -- standalone rule's primary allomorph classifies as Reduplication; not representable (v1)
  uncovered: [reduplication] mrule102 -- standalone rule's primary allomorph classifies as Reduplication; not representable (v1)
  uncovered: [reduplication] mrule106 -- standalone rule's primary allomorph classifies as Reduplication; not representable (v1)
  uncovered: [reduplication] mrule107 -- standalone rule's primary allomorph classifies as Reduplication; not representable (v1)
  uncovered: [reduplication] mrule108 -- standalone rule's primary allomorph classifies as Reduplication; not representable (v1)
  uncovered: [reduplication] mrule109 -- standalone rule's primary allomorph classifies as Reduplication; not representable (v1)
  uncovered: [reduplication] mrule110 -- standalone rule's primary allomorph classifies as Reduplication; not representable (v1)
  uncovered: [reduplication] mrule111 -- standalone rule's primary allomorph classifies as Reduplication; not representable (v1)
  uncovered: [reduplication] mrule112 -- standalone rule's primary allomorph classifies as Reduplication; not representable (v1)
  uncovered: [reduplication] mrule113 -- standalone rule's primary allomorph classifies as Reduplication; not representable (v1)
  uncovered: [reduplication] mrule114 -- standalone rule's primary allomorph classifies as Reduplication; not representable (v1)
  uncovered: [circumfix-prefix] mrule40#allo1 -- allomorph classifies as CircumfixPrefix but its rule is referenced in a Suffix position
  uncovered: [circumfix-prefix] mrule40#allo2 -- allomorph classifies as CircumfixPrefix but its rule is referenced in a Suffix position
  uncovered: [circumfix-prefix] mrule40#allo3 -- allomorph classifies as CircumfixPrefix but its rule is referenced in a Suffix position
  uncovered: [circumfix-prefix] mrule40#allo4 -- allomorph classifies as CircumfixPrefix but its rule is referenced in a Suffix position
lexc compile: 215.7936ms; net: 11530 states, 114616 arcs
rule compile+compose: 43.964ms; skipped=[]
full composition + minimize: 365.5263ms; final net: 10609 states, 298830 arcs
ok
test b_full_corpus_recall_via_compose ... lexc net: 11530 states, 114616 arcs
composed net (lexc+rules+cleanup): 10609 states, 298830 arcs
full corpus sweep: 12.0115363s
RECALL = 100/106 = 94.3%
miss list (6): ["muʼazan", "tsãkỹjokwaw", "moʼazan", "tsãn", "moʼaza", "kỹjokwaw"]
ok
test c_apply_up_terminates_parua ... "parua": covered=true raw_n=12 elapsed=176.1µs
ok
test d_bare_root_tag_atomicity_boundary ... ok

test result: ok. 4 passed; 0 failed; 0 ignored; 0 measured; 0 filtered out; finished in 15.88s
```

## Raw stderr (`C:\tmp\pangloss-aweti-release.stderr.log`)
```text
   Compiling pg-foma v0.1.0 (C:\Users\johnm\Documents\repos\PanGloss\rust\crates\pg-foma)
```
