# Task 7 fresh release evidence — Sena

Final matrix source SHA: `b819eb706c0fa42b9404636cb2ae4e142aafc984`.
Toolchain: `rustc 1.96.1 (31fca3adb 2026-06-26)`; `cargo 1.96.1 (356927216 2026-06-26)`.

Exact command, run from `rust/`:
```powershell
cargo test -p pg-foma --release --test f1_large_lexicon_gate -- --include-ignored --nocapture --test-threads=1
```
Exit code: `0`. Cargo-reported build time: `57.11s`; Cargo-reported test elapsed: `82.47s`.
No independent process-wall stopwatch was captured; the Cargo timings below are authoritative.

## Raw stdout (`C:\tmp\pangloss-sena-release.stdout.log`)
```text
running 4 tests
test a_emits_and_compiles ... sena emit: 68.3973ms; emit+foma-compile: 13.0185975s; lexc lines: 255707; lexc bytes: 7912781; tier: Full; uncovered: 0
ok
test b_recall_first_120_words ... recall: 326/326 engine analyses covered across 87 analyzed words (of 120 corpus words)
engine total: 30.2393105s; propose total: 59.8148ms; propose max/word: 7.2021ms; propose mean/word: 687.526µs
ok
test c_mbali_covers_both_engine_sequences ... mbali: engine multiset size 8, distinct sequences 8
mbali: proposer offers 104 candidates
ok
test d_nonsense_word_proposes_nothing ... zzzq: 0 candidates in 37.5µs
ok

test result: ok. 4 passed; 0 failed; 0 ignored; 0 measured; 0 filtered out; finished in 82.47s
```

## Raw stderr (`C:\tmp\pangloss-sena-release.stderr.log`)
```text
   Compiling pg-foma v0.1.0 (C:\Users\johnm\Documents\repos\PanGloss\rust\crates\pg-foma)
    Finished `release` profile [optimized] target(s) in 57.11s
     Running tests\f1_large_lexicon_gate.rs (target\release\deps\f1_large_lexicon_gate-f483efa8e1e36ec8.exe)
```
